// Jest Snapshot v1, https://goo.gl/fbAQLP

exports[`Home testando comunicação com tema 1`] = `
.c0 {
  background: red;
}

<header
  class="c0"
  data-testid="wrapper"
>
  <h1>
    Hello
  </h1>
</header>
`;
